Analysis & Synthesis report for viterbi_deocode
Sat Mar 29 20:56:15 2025
Quartus Prime Version 23.1std.1 Build 993 05/14/2024 SC Lite Edition


---------------------
; Table of Contents ;
---------------------
  1. Legal Notice
  2. Analysis & Synthesis Summary
  3. Analysis & Synthesis Settings
  4. Parallel Compilation
  5. Analysis & Synthesis Source Files Read
  6. Analysis & Synthesis Resource Usage Summary
  7. Analysis & Synthesis Resource Utilization by Entity
  8. State Machine - |viterbi_deocode|survivor_path_memory:SPMU|state_machine:comb_3|state
  9. Registers Removed During Synthesis
 10. Removed Registers Triggering Further Register Optimizations
 11. General Register Statistics
 12. Parameter Settings for User Entity Instance: survivor_path_memory:SPMU
 13. Port Connectivity Checks: "Add_compare_select_unit:ACSU|ACSU:ACSU0|Add_unit:ADD0|full_adder:FA2"
 14. Port Connectivity Checks: "Add_compare_select_unit:ACSU|ACSU:ACSU0|Add_unit:ADD0|full_adder:FA0"
 15. Port Connectivity Checks: "branch_metric_unit:BMU|hamming_distance:HD3"
 16. Port Connectivity Checks: "branch_metric_unit:BMU|hamming_distance:HD2"
 17. Port Connectivity Checks: "branch_metric_unit:BMU|hamming_distance:HD1"
 18. Port Connectivity Checks: "branch_metric_unit:BMU|hamming_distance:HD0|full_adder:fa"
 19. Port Connectivity Checks: "branch_metric_unit:BMU|hamming_distance:HD0"
 20. Post-Synthesis Netlist Statistics for Top Partition
 21. Elapsed Time Per Partition
 22. Analysis & Synthesis Messages



----------------
; Legal Notice ;
----------------
Copyright (C) 2024  Intel Corporation. All rights reserved.
Your use of Intel Corporation's design tools, logic functions 
and other software and tools, and any partner logic 
functions, and any output files from any of the foregoing 
(including device programming or simulation files), and any 
associated documentation or information are expressly subject 
to the terms and conditions of the Intel Program License 
Subscription Agreement, the Intel Quartus Prime License Agreement,
the Intel FPGA IP License Agreement, or other applicable license
agreement, including, without limitation, that your use is for
the sole purpose of programming logic devices manufactured by
Intel and sold by Intel or its authorized distributors.  Please
refer to the applicable agreement for further details, at
https://fpgasoftware.intel.com/eula.



+----------------------------------------------------------------------------------+
; Analysis & Synthesis Summary                                                     ;
+---------------------------------+------------------------------------------------+
; Analysis & Synthesis Status     ; Successful - Sat Mar 29 20:56:15 2025          ;
; Quartus Prime Version           ; 23.1std.1 Build 993 05/14/2024 SC Lite Edition ;
; Revision Name                   ; viterbi_deocode                                ;
; Top-level Entity Name           ; viterbi_deocode                                ;
; Family                          ; Cyclone V                                      ;
; Logic utilization (in ALMs)     ; N/A                                            ;
; Total registers                 ; 0                                              ;
; Total pins                      ; 5                                              ;
; Total virtual pins              ; 0                                              ;
; Total block memory bits         ; 0                                              ;
; Total DSP Blocks                ; 0                                              ;
; Total HSSI RX PCSs              ; 0                                              ;
; Total HSSI PMA RX Deserializers ; 0                                              ;
; Total HSSI TX PCSs              ; 0                                              ;
; Total HSSI PMA TX Serializers   ; 0                                              ;
; Total PLLs                      ; 0                                              ;
; Total DLLs                      ; 0                                              ;
+---------------------------------+------------------------------------------------+


+---------------------------------------------------------------------------------------------------------------------------+
; Analysis & Synthesis Settings                                                                                             ;
+---------------------------------------------------------------------------------+--------------------+--------------------+
; Option                                                                          ; Setting            ; Default Value      ;
+---------------------------------------------------------------------------------+--------------------+--------------------+
; Device                                                                          ; 5CEFA7F27C8        ;                    ;
; Top-level entity name                                                           ; viterbi_deocode    ; viterbi_deocode    ;
; Family name                                                                     ; Cyclone V          ; Cyclone V          ;
; Use smart compilation                                                           ; Off                ; Off                ;
; Enable parallel Assembler and Timing Analyzer during compilation                ; On                 ; On                 ;
; Enable compact report table                                                     ; Off                ; Off                ;
; Restructure Multiplexers                                                        ; Auto               ; Auto               ;
; MLAB Add Timing Constraints For Mixed-Port Feed-Through Mode Setting Don't Care ; Off                ; Off                ;
; Create Debugging Nodes for IP Cores                                             ; Off                ; Off                ;
; Preserve fewer node names                                                       ; On                 ; On                 ;
; Intel FPGA IP Evaluation Mode                                                   ; Enable             ; Enable             ;
; Verilog Version                                                                 ; Verilog_2001       ; Verilog_2001       ;
; VHDL Version                                                                    ; VHDL_1993          ; VHDL_1993          ;
; State Machine Processing                                                        ; Auto               ; Auto               ;
; Safe State Machine                                                              ; Off                ; Off                ;
; Extract Verilog State Machines                                                  ; On                 ; On                 ;
; Extract VHDL State Machines                                                     ; On                 ; On                 ;
; Ignore Verilog initial constructs                                               ; Off                ; Off                ;
; Iteration limit for constant Verilog loops                                      ; 5000               ; 5000               ;
; Iteration limit for non-constant Verilog loops                                  ; 250                ; 250                ;
; Add Pass-Through Logic to Inferred RAMs                                         ; On                 ; On                 ;
; Infer RAMs from Raw Logic                                                       ; On                 ; On                 ;
; Parallel Synthesis                                                              ; On                 ; On                 ;
; DSP Block Balancing                                                             ; Auto               ; Auto               ;
; NOT Gate Push-Back                                                              ; On                 ; On                 ;
; Power-Up Don't Care                                                             ; On                 ; On                 ;
; Remove Redundant Logic Cells                                                    ; Off                ; Off                ;
; Remove Duplicate Registers                                                      ; On                 ; On                 ;
; Ignore CARRY Buffers                                                            ; Off                ; Off                ;
; Ignore CASCADE Buffers                                                          ; Off                ; Off                ;
; Ignore GLOBAL Buffers                                                           ; Off                ; Off                ;
; Ignore ROW GLOBAL Buffers                                                       ; Off                ; Off                ;
; Ignore LCELL Buffers                                                            ; Off                ; Off                ;
; Ignore SOFT Buffers                                                             ; On                 ; On                 ;
; Limit AHDL Integers to 32 Bits                                                  ; Off                ; Off                ;
; Optimization Technique                                                          ; Balanced           ; Balanced           ;
; Carry Chain Length                                                              ; 70                 ; 70                 ;
; Auto Carry Chains                                                               ; On                 ; On                 ;
; Auto Open-Drain Pins                                                            ; On                 ; On                 ;
; Perform WYSIWYG Primitive Resynthesis                                           ; Off                ; Off                ;
; Auto ROM Replacement                                                            ; On                 ; On                 ;
; Auto RAM Replacement                                                            ; On                 ; On                 ;
; Auto DSP Block Replacement                                                      ; On                 ; On                 ;
; Auto Shift Register Replacement                                                 ; Auto               ; Auto               ;
; Allow Shift Register Merging across Hierarchies                                 ; Auto               ; Auto               ;
; Auto Clock Enable Replacement                                                   ; On                 ; On                 ;
; Strict RAM Replacement                                                          ; Off                ; Off                ;
; Allow Synchronous Control Signals                                               ; On                 ; On                 ;
; Force Use of Synchronous Clear Signals                                          ; Off                ; Off                ;
; Auto Resource Sharing                                                           ; Off                ; Off                ;
; Allow Any RAM Size For Recognition                                              ; Off                ; Off                ;
; Allow Any ROM Size For Recognition                                              ; Off                ; Off                ;
; Allow Any Shift Register Size For Recognition                                   ; Off                ; Off                ;
; Use LogicLock Constraints during Resource Balancing                             ; On                 ; On                 ;
; Ignore translate_off and synthesis_off directives                               ; Off                ; Off                ;
; Timing-Driven Synthesis                                                         ; On                 ; On                 ;
; Report Parameter Settings                                                       ; On                 ; On                 ;
; Report Source Assignments                                                       ; On                 ; On                 ;
; Report Connectivity Checks                                                      ; On                 ; On                 ;
; Ignore Maximum Fan-Out Assignments                                              ; Off                ; Off                ;
; Synchronization Register Chain Length                                           ; 3                  ; 3                  ;
; Power Optimization During Synthesis                                             ; Normal compilation ; Normal compilation ;
; HDL message level                                                               ; Level2             ; Level2             ;
; Suppress Register Optimization Related Messages                                 ; Off                ; Off                ;
; Number of Removed Registers Reported in Synthesis Report                        ; 5000               ; 5000               ;
; Number of Swept Nodes Reported in Synthesis Report                              ; 5000               ; 5000               ;
; Number of Inverted Registers Reported in Synthesis Report                       ; 100                ; 100                ;
; Clock MUX Protection                                                            ; On                 ; On                 ;
; Auto Gated Clock Conversion                                                     ; Off                ; Off                ;
; Block Design Naming                                                             ; Auto               ; Auto               ;
; SDC constraint protection                                                       ; Off                ; Off                ;
; Synthesis Effort                                                                ; Auto               ; Auto               ;
; Shift Register Replacement - Allow Asynchronous Clear Signal                    ; On                 ; On                 ;
; Pre-Mapping Resynthesis Optimization                                            ; Off                ; Off                ;
; Analysis & Synthesis Message Level                                              ; Medium             ; Medium             ;
; Disable Register Merging Across Hierarchies                                     ; Auto               ; Auto               ;
; Resource Aware Inference For Block RAM                                          ; On                 ; On                 ;
; Automatic Parallel Synthesis                                                    ; On                 ; On                 ;
; Partial Reconfiguration Bitstream ID                                            ; Off                ; Off                ;
+---------------------------------------------------------------------------------+--------------------+--------------------+


+------------------------------------------+
; Parallel Compilation                     ;
+----------------------------+-------------+
; Processors                 ; Number      ;
+----------------------------+-------------+
; Number detected on machine ; 8           ;
; Maximum allowed            ; 4           ;
;                            ;             ;
; Average used               ; 1.00        ;
; Maximum used               ; 1           ;
;                            ;             ;
; Usage by Processor         ; % Time Used ;
;     Processor 1            ; 100.0%      ;
+----------------------------+-------------+


+-------------------------------------------------------------------------------------------------------------------------------------------------------------------------------------------+
; Analysis & Synthesis Source Files Read                                                                                                                                                    ;
+----------------------------------+-----------------+------------------------------+---------------------------------------------------------------------------------------------+---------+
; File Name with User-Entered Path ; Used in Netlist ; File Type                    ; File Name with Absolute Path                                                                ; Library ;
+----------------------------------+-----------------+------------------------------+---------------------------------------------------------------------------------------------+---------+
; viterbi_deocode.sv               ; yes             ; User SystemVerilog HDL File  ; /home/noname_lnin/Documents/project_tiny/do-an-1/src/04_synth/VD/viterbi_deocode.sv         ;         ;
; Add_compare_select_unit.sv       ; yes             ; User SystemVerilog HDL File  ; /home/noname_lnin/Documents/project_tiny/do-an-1/src/04_synth/VD/Add_compare_select_unit.sv ;         ;
; Add_unit.sv                      ; yes             ; User SystemVerilog HDL File  ; /home/noname_lnin/Documents/project_tiny/do-an-1/src/04_synth/VD/Add_unit.sv                ;         ;
; Compare_unit.sv                  ; yes             ; User SystemVerilog HDL File  ; /home/noname_lnin/Documents/project_tiny/do-an-1/src/04_synth/VD/Compare_unit.sv            ;         ;
; branch_metric_unit.sv            ; yes             ; User SystemVerilog HDL File  ; /home/noname_lnin/Documents/project_tiny/do-an-1/src/04_synth/VD/branch_metric_unit.sv      ;         ;
; d_ff.sv                          ; yes             ; User SystemVerilog HDL File  ; /home/noname_lnin/Documents/project_tiny/do-an-1/src/04_synth/VD/d_ff.sv                    ;         ;
; full_adder.sv                    ; yes             ; User SystemVerilog HDL File  ; /home/noname_lnin/Documents/project_tiny/do-an-1/src/04_synth/VD/full_adder.sv              ;         ;
; hamming_distance.sv              ; yes             ; User SystemVerilog HDL File  ; /home/noname_lnin/Documents/project_tiny/do-an-1/src/04_synth/VD/hamming_distance.sv        ;         ;
; path_metric_unit.sv              ; yes             ; User SystemVerilog HDL File  ; /home/noname_lnin/Documents/project_tiny/do-an-1/src/04_synth/VD/path_metric_unit.sv        ;         ;
; state_machine.sv                 ; yes             ; User SystemVerilog HDL File  ; /home/noname_lnin/Documents/project_tiny/do-an-1/src/04_synth/VD/state_machine.sv           ;         ;
; survivor_path_memory.sv          ; yes             ; User SystemVerilog HDL File  ; /home/noname_lnin/Documents/project_tiny/do-an-1/src/04_synth/VD/survivor_path_memory.sv    ;         ;
+----------------------------------+-----------------+------------------------------+---------------------------------------------------------------------------------------------+---------+


+--------------------------------------------------------------------+
; Analysis & Synthesis Resource Usage Summary                        ;
+---------------------------------------------+----------------------+
; Resource                                    ; Usage                ;
+---------------------------------------------+----------------------+
; Estimate of Logic utilization (ALMs needed) ; 0                    ;
;                                             ;                      ;
; Combinational ALUT usage for logic          ; 0                    ;
;     -- 7 input functions                    ; 0                    ;
;     -- 6 input functions                    ; 0                    ;
;     -- 5 input functions                    ; 0                    ;
;     -- 4 input functions                    ; 0                    ;
;     -- <=3 input functions                  ; 0                    ;
;                                             ;                      ;
; Dedicated logic registers                   ; 0                    ;
;                                             ;                      ;
; I/O pins                                    ; 5                    ;
;                                             ;                      ;
; Total DSP Blocks                            ; 0                    ;
;                                             ;                      ;
; Maximum fan-out node                        ; o_output_data~output ;
; Maximum fan-out                             ; 1                    ;
; Total fan-out                               ; 5                    ;
; Average fan-out                             ; 0.50                 ;
+---------------------------------------------+----------------------+


+--------------------------------------------------------------------------------------------------------------------------------------------------------------------------------------------+
; Analysis & Synthesis Resource Utilization by Entity                                                                                                                                        ;
+----------------------------+---------------------+---------------------------+-------------------+------------+------+--------------+---------------------+-----------------+--------------+
; Compilation Hierarchy Node ; Combinational ALUTs ; Dedicated Logic Registers ; Block Memory Bits ; DSP Blocks ; Pins ; Virtual Pins ; Full Hierarchy Name ; Entity Name     ; Library Name ;
+----------------------------+---------------------+---------------------------+-------------------+------------+------+--------------+---------------------+-----------------+--------------+
; |viterbi_deocode           ; 0 (0)               ; 0 (0)                     ; 0                 ; 0          ; 5    ; 0            ; |viterbi_deocode    ; viterbi_deocode ; work         ;
+----------------------------+---------------------+---------------------------+-------------------+------------+------+--------------+---------------------+-----------------+--------------+
Note: For table entries with two numbers listed, the numbers in parentheses indicate the number of resources of the given type used by the specific entity alone. The numbers listed outside of parentheses indicate the total resources of the given type used by the specific entity and all of its sub-entities in the hierarchy.


Encoding Type:  One-Hot
+---------------------------------------------------------------------------------------+
; State Machine - |viterbi_deocode|survivor_path_memory:SPMU|state_machine:comb_3|state ;
+----------+----------+----------+----------+-------------------------------------------+
; Name     ; state.S3 ; state.S2 ; state.S1 ; state.S0                                  ;
+----------+----------+----------+----------+-------------------------------------------+
; state.S0 ; 0        ; 0        ; 0        ; 0                                         ;
; state.S1 ; 0        ; 0        ; 1        ; 1                                         ;
; state.S2 ; 0        ; 1        ; 0        ; 1                                         ;
; state.S3 ; 1        ; 0        ; 0        ; 1                                         ;
+----------+----------+----------+----------+-------------------------------------------+


+---------------------------------------------------------------------------------------------------------------+
; Registers Removed During Synthesis                                                                            ;
+---------------------------------------------------------+-----------------------------------------------------+
; Register name                                           ; Reason for Removal                                  ;
+---------------------------------------------------------+-----------------------------------------------------+
; path_metric_unit:PMU|o_path_metric_2[0]                 ; Stuck at GND due to stuck port data_in              ;
; path_metric_unit:PMU|o_path_metric_0[0]                 ; Stuck at GND due to stuck port data_in              ;
; path_metric_unit:PMU|o_path_metric_3[0]                 ; Stuck at GND due to stuck port data_in              ;
; path_metric_unit:PMU|o_path_metric_1[0]                 ; Stuck at GND due to stuck port data_in              ;
; path_metric_unit:PMU|o_path_metric_0[1]                 ; Merged with path_metric_unit:PMU|o_path_metric_2[1] ;
; path_metric_unit:PMU|o_path_metric_1[1]                 ; Merged with path_metric_unit:PMU|o_path_metric_3[1] ;
; survivor_path_memory:SPMU|state_machine:comb_3|state.S2 ; Lost fanout                                         ;
; survivor_path_memory:SPMU|state_machine:comb_3|state.S3 ; Lost fanout                                         ;
; survivor_path_memory:SPMU|state_machine:comb_3|state~4  ; Lost fanout                                         ;
; survivor_path_memory:SPMU|state_machine:comb_3|state~5  ; Lost fanout                                         ;
; d_ff:DFF_BMU|o_data[0,1]                                ; Lost fanout                                         ;
; survivor_path_memory:SPMU|state_machine:comb_3|state.S0 ; Lost fanout                                         ;
; survivor_path_memory:SPMU|state_machine:comb_3|state.S1 ; Lost fanout                                         ;
; path_metric_unit:PMU|o_path_metric_3[1]                 ; Merged with path_metric_unit:PMU|o_path_metric_2[1] ;
; path_metric_unit:PMU|o_path_metric_2[1]                 ; Stuck at GND due to stuck port data_in              ;
; Total Number of Removed Registers = 16                  ;                                                     ;
+---------------------------------------------------------+-----------------------------------------------------+


+-------------------------------------------------------------------------------------------------------------------------------------------------------------------------+
; Removed Registers Triggering Further Register Optimizations                                                                                                             ;
+---------------------------------------------------------+---------------------------+-----------------------------------------------------------------------------------+
; Register name                                           ; Reason for Removal        ; Registers Removed due to This Register                                            ;
+---------------------------------------------------------+---------------------------+-----------------------------------------------------------------------------------+
; path_metric_unit:PMU|o_path_metric_2[0]                 ; Stuck at GND              ; path_metric_unit:PMU|o_path_metric_3[0], path_metric_unit:PMU|o_path_metric_1[0], ;
;                                                         ; due to stuck port data_in ; d_ff:DFF_BMU|o_data[0]                                                            ;
; path_metric_unit:PMU|o_path_metric_0[0]                 ; Stuck at GND              ; d_ff:DFF_BMU|o_data[1], path_metric_unit:PMU|o_path_metric_2[1]                   ;
;                                                         ; due to stuck port data_in ;                                                                                   ;
; survivor_path_memory:SPMU|state_machine:comb_3|state.S2 ; Lost Fanouts              ; survivor_path_memory:SPMU|state_machine:comb_3|state.S0,                          ;
;                                                         ;                           ; survivor_path_memory:SPMU|state_machine:comb_3|state.S1                           ;
+---------------------------------------------------------+---------------------------+-----------------------------------------------------------------------------------+


+------------------------------------------------------+
; General Register Statistics                          ;
+----------------------------------------------+-------+
; Statistic                                    ; Value ;
+----------------------------------------------+-------+
; Total registers                              ; 0     ;
; Number of registers using Synchronous Clear  ; 0     ;
; Number of registers using Synchronous Load   ; 0     ;
; Number of registers using Asynchronous Clear ; 0     ;
; Number of registers using Asynchronous Load  ; 0     ;
; Number of registers using Clock Enable       ; 0     ;
; Number of registers using Preset             ; 0     ;
+----------------------------------------------+-------+


+------------------------------------------------------------------------+
; Parameter Settings for User Entity Instance: survivor_path_memory:SPMU ;
+----------------+-------+-----------------------------------------------+
; Parameter Name ; Value ; Type                                          ;
+----------------+-------+-----------------------------------------------+
; S0             ; 00    ; Unsigned Binary                               ;
; S1             ; 01    ; Unsigned Binary                               ;
; S2             ; 10    ; Unsigned Binary                               ;
; S3             ; 11    ; Unsigned Binary                               ;
+----------------+-------+-----------------------------------------------+
Note: In order to hide this table in the UI and the text report file, please set the "Show Parameter Settings in Synthesis Report" option in "Analysis and Synthesis Settings -> More Settings" to "Off".


+----------------------------------------------------------------------------------------------------------------+
; Port Connectivity Checks: "Add_compare_select_unit:ACSU|ACSU:ACSU0|Add_unit:ADD0|full_adder:FA2"               ;
+------+--------+----------+-------------------------------------------------------------------------------------+
; Port ; Type   ; Severity ; Details                                                                             ;
+------+--------+----------+-------------------------------------------------------------------------------------+
; i_a  ; Input  ; Info     ; Stuck at GND                                                                        ;
; i_b  ; Input  ; Info     ; Stuck at GND                                                                        ;
; o_c  ; Output ; Info     ; Connected to dangling logic. Logic that only feeds a dangling port will be removed. ;
+------+--------+----------+-------------------------------------------------------------------------------------+


+--------------------------------------------------------------------------------------------------+
; Port Connectivity Checks: "Add_compare_select_unit:ACSU|ACSU:ACSU0|Add_unit:ADD0|full_adder:FA0" ;
+------+-------+----------+------------------------------------------------------------------------+
; Port ; Type  ; Severity ; Details                                                                ;
+------+-------+----------+------------------------------------------------------------------------+
; i_c  ; Input ; Info     ; Stuck at GND                                                           ;
+------+-------+----------+------------------------------------------------------------------------+


+-------------------------------------------------------------------------+
; Port Connectivity Checks: "branch_metric_unit:BMU|hamming_distance:HD3" ;
+-----------------+-------+----------+------------------------------------+
; Port            ; Type  ; Severity ; Details                            ;
+-----------------+-------+----------+------------------------------------+
; i_exp_code_word ; Input ; Info     ; Stuck at VCC                       ;
+-----------------+-------+----------+------------------------------------+


+-------------------------------------------------------------------------+
; Port Connectivity Checks: "branch_metric_unit:BMU|hamming_distance:HD2" ;
+--------------------+-------+----------+---------------------------------+
; Port               ; Type  ; Severity ; Details                         ;
+--------------------+-------+----------+---------------------------------+
; i_exp_code_word[1] ; Input ; Info     ; Stuck at VCC                    ;
; i_exp_code_word[0] ; Input ; Info     ; Stuck at GND                    ;
+--------------------+-------+----------+---------------------------------+


+-------------------------------------------------------------------------+
; Port Connectivity Checks: "branch_metric_unit:BMU|hamming_distance:HD1" ;
+--------------------+-------+----------+---------------------------------+
; Port               ; Type  ; Severity ; Details                         ;
+--------------------+-------+----------+---------------------------------+
; i_exp_code_word[1] ; Input ; Info     ; Stuck at GND                    ;
; i_exp_code_word[0] ; Input ; Info     ; Stuck at VCC                    ;
+--------------------+-------+----------+---------------------------------+


+---------------------------------------------------------------------------------------+
; Port Connectivity Checks: "branch_metric_unit:BMU|hamming_distance:HD0|full_adder:fa" ;
+------+-------+----------+-------------------------------------------------------------+
; Port ; Type  ; Severity ; Details                                                     ;
+------+-------+----------+-------------------------------------------------------------+
; i_c  ; Input ; Info     ; Stuck at GND                                                ;
+------+-------+----------+-------------------------------------------------------------+


+-------------------------------------------------------------------------+
; Port Connectivity Checks: "branch_metric_unit:BMU|hamming_distance:HD0" ;
+-----------------+-------+----------+------------------------------------+
; Port            ; Type  ; Severity ; Details                            ;
+-----------------+-------+----------+------------------------------------+
; i_exp_code_word ; Input ; Info     ; Stuck at GND                       ;
+-----------------+-------+----------+------------------------------------+


+-----------------------------------------------------+
; Post-Synthesis Netlist Statistics for Top Partition ;
+-----------------------+-----------------------------+
; Type                  ; Count                       ;
+-----------------------+-----------------------------+
; arriav_lcell_comb     ; 1                           ;
;     normal            ; 1                           ;
;         0 data inputs ; 1                           ;
; boundary_port         ; 5                           ;
;                       ;                             ;
; Max LUT depth         ; 0.00                        ;
; Average LUT depth     ; 0.00                        ;
+-----------------------+-----------------------------+


+-------------------------------+
; Elapsed Time Per Partition    ;
+----------------+--------------+
; Partition Name ; Elapsed Time ;
+----------------+--------------+
; Top            ; 00:00:00     ;
+----------------+--------------+


+-------------------------------+
; Analysis & Synthesis Messages ;
+-------------------------------+
Info: *******************************************************************
Info: Running Quartus Prime Analysis & Synthesis
    Info: Version 23.1std.1 Build 993 05/14/2024 SC Lite Edition
    Info: Processing started: Sat Mar 29 20:56:07 2025
Info: Command: quartus_map --read_settings_files=on --write_settings_files=off viterbi_deocode -c viterbi_deocode
Warning (18236): Number of processors has not been specified which may cause overloading on shared machines.  Set the global assignment NUM_PARALLEL_PROCESSORS in your QSF to an appropriate value for best performance.
Info (20030): Parallel compilation is enabled and will use 4 of the 4 processors detected
Info (12021): Found 1 design units, including 1 entities, in source file viterbi_deocode.sv
    Info (12023): Found entity 1: viterbi_deocode File: /home/noname_lnin/Documents/project_tiny/do-an-1/src/04_synth/VD/viterbi_deocode.sv Line: 1
Info (12021): Found 2 design units, including 2 entities, in source file Add_compare_select_unit.sv
    Info (12023): Found entity 1: Add_compare_select_unit File: /home/noname_lnin/Documents/project_tiny/do-an-1/src/04_synth/VD/Add_compare_select_unit.sv Line: 1
    Info (12023): Found entity 2: ACSU File: /home/noname_lnin/Documents/project_tiny/do-an-1/src/04_synth/VD/Add_compare_select_unit.sv Line: 79
Info (12021): Found 1 design units, including 1 entities, in source file Add_unit.sv
    Info (12023): Found entity 1: Add_unit File: /home/noname_lnin/Documents/project_tiny/do-an-1/src/04_synth/VD/Add_unit.sv Line: 1
Info (12021): Found 1 design units, including 1 entities, in source file Compare_unit.sv
    Info (12023): Found entity 1: Compare_unit File: /home/noname_lnin/Documents/project_tiny/do-an-1/src/04_synth/VD/Compare_unit.sv Line: 1
Info (12021): Found 1 design units, including 1 entities, in source file branch_metric_unit.sv
    Info (12023): Found entity 1: branch_metric_unit File: /home/noname_lnin/Documents/project_tiny/do-an-1/src/04_synth/VD/branch_metric_unit.sv Line: 1
Info (12021): Found 1 design units, including 1 entities, in source file d_ff.sv
    Info (12023): Found entity 1: d_ff File: /home/noname_lnin/Documents/project_tiny/do-an-1/src/04_synth/VD/d_ff.sv Line: 1
Info (12021): Found 1 design units, including 1 entities, in source file full_adder.sv
    Info (12023): Found entity 1: full_adder File: /home/noname_lnin/Documents/project_tiny/do-an-1/src/04_synth/VD/full_adder.sv Line: 1
Info (12021): Found 1 design units, including 1 entities, in source file hamming_distance.sv
    Info (12023): Found entity 1: hamming_distance File: /home/noname_lnin/Documents/project_tiny/do-an-1/src/04_synth/VD/hamming_distance.sv Line: 1
Info (12021): Found 1 design units, including 1 entities, in source file path_metric_unit.sv
    Info (12023): Found entity 1: path_metric_unit File: /home/noname_lnin/Documents/project_tiny/do-an-1/src/04_synth/VD/path_metric_unit.sv Line: 1
Info (12021): Found 1 design units, including 1 entities, in source file state_machine.sv
    Info (12023): Found entity 1: state_machine File: /home/noname_lnin/Documents/project_tiny/do-an-1/src/04_synth/VD/state_machine.sv Line: 1
Info (12021): Found 1 design units, including 1 entities, in source file survivor_path_memory.sv
    Info (12023): Found entity 1: survivor_path_memory File: /home/noname_lnin/Documents/project_tiny/do-an-1/src/04_synth/VD/survivor_path_memory.sv Line: 1
Critical Warning (10846): Verilog HDL Instantiation warning at survivor_path_memory.sv(40): instance has no name File: /home/noname_lnin/Documents/project_tiny/do-an-1/src/04_synth/VD/survivor_path_memory.sv Line: 40
Info (12127): Elaborating entity "viterbi_deocode" for the top level hierarchy
Info (12128): Elaborating entity "d_ff" for hierarchy "d_ff:DFF_BMU" File: /home/noname_lnin/Documents/project_tiny/do-an-1/src/04_synth/VD/viterbi_deocode.sv Line: 22
Info (12128): Elaborating entity "branch_metric_unit" for hierarchy "branch_metric_unit:BMU" File: /home/noname_lnin/Documents/project_tiny/do-an-1/src/04_synth/VD/viterbi_deocode.sv Line: 32
Info (12128): Elaborating entity "hamming_distance" for hierarchy "branch_metric_unit:BMU|hamming_distance:HD0" File: /home/noname_lnin/Documents/project_tiny/do-an-1/src/04_synth/VD/branch_metric_unit.sv Line: 18
Info (12128): Elaborating entity "full_adder" for hierarchy "branch_metric_unit:BMU|hamming_distance:HD0|full_adder:fa" File: /home/noname_lnin/Documents/project_tiny/do-an-1/src/04_synth/VD/hamming_distance.sv Line: 16
Info (12128): Elaborating entity "Add_compare_select_unit" for hierarchy "Add_compare_select_unit:ACSU" File: /home/noname_lnin/Documents/project_tiny/do-an-1/src/04_synth/VD/viterbi_deocode.sv Line: 54
Info (12128): Elaborating entity "ACSU" for hierarchy "Add_compare_select_unit:ACSU|ACSU:ACSU0" File: /home/noname_lnin/Documents/project_tiny/do-an-1/src/04_synth/VD/Add_compare_select_unit.sv Line: 31
Info (12128): Elaborating entity "Add_unit" for hierarchy "Add_compare_select_unit:ACSU|ACSU:ACSU0|Add_unit:ADD0" File: /home/noname_lnin/Documents/project_tiny/do-an-1/src/04_synth/VD/Add_compare_select_unit.sv Line: 93
Info (12128): Elaborating entity "Compare_unit" for hierarchy "Add_compare_select_unit:ACSU|ACSU:ACSU0|Compare_unit:CP0" File: /home/noname_lnin/Documents/project_tiny/do-an-1/src/04_synth/VD/Add_compare_select_unit.sv Line: 105
Warning (10230): Verilog HDL assignment warning at Compare_unit.sv(6): truncated value with size 2 to match size of target (1) File: /home/noname_lnin/Documents/project_tiny/do-an-1/src/04_synth/VD/Compare_unit.sv Line: 6
Info (12128): Elaborating entity "path_metric_unit" for hierarchy "path_metric_unit:PMU" File: /home/noname_lnin/Documents/project_tiny/do-an-1/src/04_synth/VD/viterbi_deocode.sv Line: 69
Info (12128): Elaborating entity "survivor_path_memory" for hierarchy "survivor_path_memory:SPMU" File: /home/noname_lnin/Documents/project_tiny/do-an-1/src/04_synth/VD/viterbi_deocode.sv Line: 80
Info (12128): Elaborating entity "state_machine" for hierarchy "survivor_path_memory:SPMU|state_machine:comb_3" File: /home/noname_lnin/Documents/project_tiny/do-an-1/src/04_synth/VD/survivor_path_memory.sv Line: 40
Warning (13024): Output pins are stuck at VCC or GND
    Warning (13410): Pin "o_output_data" is stuck at GND File: /home/noname_lnin/Documents/project_tiny/do-an-1/src/04_synth/VD/viterbi_deocode.sv Line: 8
Info (17049): 8 registers lost all their fanouts during netlist optimizations.
Info (16010): Generating hard_block partition "hard_block:auto_generated_inst"
    Info (16011): Adding 0 node(s), including 0 DDIO, 0 PLL, 0 transceiver and 0 LCELL
Warning (21074): Design contains 4 input pin(s) that do not drive logic
    Warning (15610): No output dependent on input pin "i_input_data[0]" File: /home/noname_lnin/Documents/project_tiny/do-an-1/src/04_synth/VD/viterbi_deocode.sv Line: 5
    Warning (15610): No output dependent on input pin "i_input_data[1]" File: /home/noname_lnin/Documents/project_tiny/do-an-1/src/04_synth/VD/viterbi_deocode.sv Line: 5
    Warning (15610): No output dependent on input pin "i_clk" File: /home/noname_lnin/Documents/project_tiny/do-an-1/src/04_synth/VD/viterbi_deocode.sv Line: 2
    Warning (15610): No output dependent on input pin "i_rst_n" File: /home/noname_lnin/Documents/project_tiny/do-an-1/src/04_synth/VD/viterbi_deocode.sv Line: 3
Info (21057): Implemented 5 device resources after synthesis - the final resource count might be different
    Info (21058): Implemented 4 input pins
    Info (21059): Implemented 1 output pins
Info: Quartus Prime Analysis & Synthesis was successful. 0 errors, 10 warnings
    Info: Peak virtual memory: 417 megabytes
    Info: Processing ended: Sat Mar 29 20:56:15 2025
    Info: Elapsed time: 00:00:08
    Info: Total CPU time (on all processors): 00:00:20


