------------------------------------------------------------
TimeQuest Timing Analyzer Summary
------------------------------------------------------------

Type  : Slow Model Setup 'w_clk'
Slack : -3.273
TNS   : -71.624

Type  : Slow Model Setup 'CLOCK_50'
Slack : -2.793
TNS   : -59.675

Type  : Slow Model Hold 'CLOCK_50'
Slack : -2.543
TNS   : -2.543

Type  : Slow Model Hold 'w_clk'
Slack : 0.391
TNS   : 0.000

Type  : Slow Model Minimum Pulse Width 'CLOCK_50'
Slack : -1.380
TNS   : -34.380

Type  : Slow Model Minimum Pulse Width 'w_clk'
Slack : -0.500
TNS   : -58.000

Type  : Fast Model Setup 'w_clk'
Slack : -0.908
TNS   : -11.385

Type  : Fast Model Setup 'CLOCK_50'
Slack : -0.837
TNS   : -12.158

Type  : Fast Model Hold 'CLOCK_50'
Slack : -1.587
TNS   : -1.587

Type  : Fast Model Hold 'w_clk'
Slack : 0.215
TNS   : 0.000

Type  : Fast Model Minimum Pulse Width 'CLOCK_50'
Slack : -1.380
TNS   : -34.380

Type  : Fast Model Minimum Pulse Width 'w_clk'
Slack : -0.500
TNS   : -58.000

------------------------------------------------------------
